2026-05-28 03:53:46  INFO  
=======================================================
2026-05-28 03:53:46  INFO    \u23f0  PIPELINE DIÁRIO — 28/05/2026 03:53
2026-05-28 03:53:46  INFO  =======================================================
2026-05-28 03:53:46  INFO  
[1/3] \U0001f3ed Simulando dados do ERP...
2026-05-28 03:53:48  INFO  
\u274c Erro no pipeline diário: ERRO:  coluna "categoria" não existe
LINE 1: SELECT id_fornecedor, categoria FROM fornecedores
                              ^

2026-05-28 03:53:48  ERROR  Erro no pipeline diário
Traceback (most recent call last):
  File "C:\Users\ASUS\automacao-compras\scheduler.py", line 41, in job_pipeline_diario
    qtd, valor = simular_dia()
                 ~~~~~~~~~~~^^
  File "C:\Users\ASUS\automacao-compras\simulador.py", line 152, in simular_dia
    fornecedores, produtos = buscar_referencias(conn)
                             ~~~~~~~~~~~~~~~~~~^^^^^^
  File "C:\Users\ASUS\automacao-compras\simulador.py", line 70, in buscar_referencias
    cur.execute("SELECT id_fornecedor, categoria FROM fornecedores")
    ~~~~~~~~~~~^^^^^^^^^^^^^^^^^^^^^^^^^^^^^^^^^^^^^^^^^^^^^^^^^^^^^
psycopg2.errors.UndefinedColumn: ERRO:  coluna "categoria" não existe
LINE 1: SELECT id_fornecedor, categoria FROM fornecedores
                              ^

2026-05-28 04:00:18  INFO  
=======================================================
2026-05-28 04:00:18  INFO    \u23f0  PIPELINE DIÁRIO — 28/05/2026 04:00
2026-05-28 04:00:18  INFO  =======================================================
2026-05-28 04:00:18  INFO  
[1/3] \U0001f3ed Simulando dados do ERP...
2026-05-28 04:00:18  INFO        \u2705 118 pedidos gerados | R$ 6,079,495.41
2026-05-28 04:00:18  INFO  
[2/3] \U0001f4ca Gerando análises e relatório Excel...
2026-05-28 04:01:40  INFO        \u2705 Relatório gerado em relatorios/
2026-05-28 04:01:40  INFO  
[3/3] \U0001f514 Verificando alertas...
2026-05-28 04:02:24  INFO        \u2705 3 alerta(s) verificado(s)
2026-05-28 04:02:24  INFO  
\u2705 Pipeline diário concluído — 04:02:24
